../Drivers/CMSIS/Include/core_cm4.h:1688:22:__NVIC_EnableIRQ	16	static
../Drivers/CMSIS/Include/core_cm4.h:1816:22:__NVIC_SetPriority	16	static
../Core/Src/main.c:13:5:main	8	static
../Core/Src/main.c:31:7:EXTI0_IRQHandler	8	static
../Core/Src/main.c:42:7:EXTI1_IRQHandler	8	static
../Core/Src/main.c:53:6:EXTI2_IRQHandler	4	static
../Core/Src/main.c:63:6:EXTI_config	8	static
../Core/Src/main.c:82:6:button_init	4	static
../Core/Src/main.c:92:6:led_init	4	static
../Core/Src/main.c:103:6:SystemClock_Config	88	static
../Core/Src/main.c:144:6:Error_Handler	4	static,ignoring_inline_asm
